b'hello' b'hello' b'hello'
b'tab\tnl\ncr\rbs\\quote"apos\''
b'\x00\x07\x08\x0c\x0b'
b'\x00A\x7f\x80\xff'
b'\\d+\\n' b'\\d+\\n' true
b"it's" b'say "hi"' b'both \' and "'
b'' b'\xc3\xa9'
11 0
104 100 119
b'hello' b'world' b'hello' b'hello world' b'world'
b'hlowrd' b'dlrow olleh' b'oll'
b'd' b'' b'he'
97
98
99
sum 294
3 195
b'abcd' b'ababab' b'ababab' b''
true false true true
true false true
true false true true
empty bytes are empty
a zero octet is still one octet
<class 'bytes'> true false false
b'Content-Type: text/html'
b'ab'
b'CONTENT-TYPE: TEXT/HTML' b'content-type: text/html'
b'abc\xff' b'ABC\xff'
[b'a', b'b', b'', b'c'] [b'a', b'b,c']
[b'a', b'b', b'c', b'd'] [b'a', b'b c ']
[b''] [b'x']
1 -1 0 -1
b'a-b-c' b'.a.b.c.' b'abc'
true false true
true false true
2 4 0
ff0041 
true b'Host' b'example.com'
b'GET' 3
b'/a?b=1' 6
b'HTTP/1.1' 8
{b'alpha': 1, b'beta': 2, b'gamma': 3}
1 true false
3
2 bytes key str key
{b'a': 3, b'b': 2, b'c': 1}
name=b'oro' len=3
b'x'
b'\xc8' 1 200
b'\x00\xc8\xff' 3 200
1 2 false
255
