spawn returned before the task ran: true
the handle is a <class 'Task'>
join returns the return value: true
the task ran when main blocked: true
joining twice gives the same value: true
three tasks summed into one dict: true
nothing interleaved a task that never blocks: true
a keyword reaches the task: true
so does ** unpacking: true
spawn refuses what the direct call refuses, in the same words: true
  TypeError: recorded() got an unexpected keyword argument 'bogus'
  TypeError: recorded() got multiple values for argument 'a'
  TypeError: recorded() missing required argument: 'a'
  TypeError: recorded() takes 2 positional arguments but 3 were given
and no refused spawn left a task behind: true
main's last statement
a spawned task still ran after main's last statement
