the healthy task is unaffected: true
the joiner owns it: one handler blew up
and its type survives the crossing: <class 'KeyError'> 'nope'
a second join re-raises it too: one handler blew up
a joined failure prints nothing at drop: true
every task ran: true
two of four failed, and only those two: ['caught: a died', 'b', 'caught: c died', 'd']
main is done; the unjoined failure is reported below, on stderr
task failed: divergence/49_task_failure.oro:18:5: ValueError: nobody joined me
