--- strip(side=...)
'  hi  ' ['hi', 'hi  ', '  hi', 'hi']
'xxhixx' ['xxhixx', 'xxhixx', 'xxhixx', 'xxhixx']
'xyxhixyx' ['xyxhixyx', 'xyxhixyx', 'xyxhixyx', 'xyxhixyx']
'' ['', '', '', '']
'xxx' ['xxx', 'xxx', 'xxx', 'xxx']
'\thi\n ' ['hi', 'hi\n ', '\thi', 'hi']
'ααhiα' ['ααhiα', 'ααhiα', 'ααhiα', 'ααhiα']
--- strip(chars, side=...)
'  hi  ' 'x'   hi     hi     hi  
'  hi  ' 'xy'   hi     hi     hi  
'  hi  ' ''   hi     hi     hi  
'  hi  ' 'α'   hi     hi     hi  
'  hi  ' 'abc'   hi     hi     hi  
'  hi  ' null hi hi     hi
'xxhixx' 'x' hi hixx xxhi
'xxhixx' 'xy' hi hixx xxhi
'xxhixx' '' xxhixx xxhixx xxhixx
'xxhixx' 'α' xxhixx xxhixx xxhixx
'xxhixx' 'abc' xxhixx xxhixx xxhixx
'xxhixx' null xxhixx xxhixx xxhixx
'xyxhixyx' 'x' yxhixy yxhixyx xyxhixy
'xyxhixyx' 'xy' hi hixyx xyxhi
'xyxhixyx' '' xyxhixyx xyxhixyx xyxhixyx
'xyxhixyx' 'α' xyxhixyx xyxhixyx xyxhixyx
'xyxhixyx' 'abc' xyxhixyx xyxhixyx xyxhixyx
'xyxhixyx' null xyxhixyx xyxhixyx xyxhixyx
'' 'x'   
'' 'xy'   
'' ''   
'' 'α'   
'' 'abc'   
'' null   
'xxx' 'x'   
'xxx' 'xy'   
'xxx' '' xxx xxx xxx
'xxx' 'α' xxx xxx xxx
'xxx' 'abc' xxx xxx xxx
'xxx' null xxx xxx xxx
'\thi\n ' 'x' 	hi
  	hi
  	hi
 
'\thi\n ' 'xy' 	hi
  	hi
  	hi
 
'\thi\n ' '' 	hi
  	hi
  	hi
 
'\thi\n ' 'α' 	hi
  	hi
  	hi
 
'\thi\n ' 'abc' 	hi
  	hi
  	hi
 
'\thi\n ' null hi hi
  	hi
'ααhiα' 'x' ααhiα ααhiα ααhiα
'ααhiα' 'xy' ααhiα ααhiα ααhiα
'ααhiα' '' ααhiα ααhiα ααhiα
'ααhiα' 'α' hi hiα ααhi
'ααhiα' 'abc' ααhiα ααhiα ααhiα
'ααhiα' null ααhiα ααhiα ααhiα
--- bytes.strip(side=...)
b'hi' b'hi  ' b'  hi'
b'  hi  ' b'  hi  ' b'  hi  '
b'aabaa' b'aabaa' b'aabaa'
b'b' b'baa' b'aab'
b'' b'' b''
b'' b'' b''
b'\x00a\xff' b'\x00a\xff' b'\x00a\xff'
b'\x00a\xff' b'\x00a\xff' b'\x00a\xff'
--- find(sub, reverse=true)
'abcabc' 'b' [1, 4, 4, 4, 4, -1, 1, 4]
'abcabc' '' [0, 6, 6, 6, 6, 0, 3, 6]
'abcabc' 'abc' [0, 3, 3, 3, -1, -1, 0, 3]
'abcabc' 'é' [-1, -1, -1, -1, -1, -1, -1, -1]
'abcabc' 'zz' [-1, -1, -1, -1, -1, -1, -1, -1]
'abc' 'b' [1, 1, 1, 1, 1, -1, 1, 1]
'abc' '' [0, 3, 3, 3, 3, 0, 3, 3]
'abc' 'abc' [0, 0, 0, -1, -1, -1, 0, 0]
'abc' 'é' [-1, -1, -1, -1, -1, -1, -1, -1]
'abc' 'zz' [-1, -1, -1, -1, -1, -1, -1, -1]
'' 'b' [-1, -1, -1, -1, -1, -1, -1, -1]
'' '' [0, 0, 0, -1, 0, 0, 0, 0]
'' 'abc' [-1, -1, -1, -1, -1, -1, -1, -1]
'' 'é' [-1, -1, -1, -1, -1, -1, -1, -1]
'' 'zz' [-1, -1, -1, -1, -1, -1, -1, -1]
'haééha' 'b' [-1, -1, -1, -1, -1, -1, -1, -1]
'haééha' '' [0, 6, 6, 6, 6, 0, 3, 6]
'haééha' 'abc' [-1, -1, -1, -1, -1, -1, -1, -1]
'haééha' 'é' [2, 3, 3, 3, -1, -1, 2, 3]
'haééha' 'zz' [-1, -1, -1, -1, -1, -1, -1, -1]
--- bytes find, reversed
1 4 4
0 6 6
0 3 3
-1 -1 -1
1 1 1
0 3 3
0 0 -1
-1 -1 -1
-1 -1 -1
0 0 -1
-1 -1 -1
-1 -1 -1
-1 -1 -1
0 3 3
-1 -1 -1
2 2 2
--- rm_prefix / rm_suffix
'ping.png' 'pi' 'ping'
'ping.png' 'g.png' 'g.png'
'banana.png' 'banana' 'banana'
'banana.png' 'banana.png' 'banana.png'
'png' '' 'png'
'png' 'g' 'png'
'' '' ''
'' '' ''
'x.png.png' 'x' 'x.png'
'x.png.png' 'x.png.png' 'x.png.png'
'abc' 'abc'
b'a' b'a.png' b'png'
--- split(sep, maxsplit, side="right")
'a.b.c' '.' -1 ['a', 'b', 'c']
'a.b.c' '.' 0 ['a.b.c']
'a.b.c' '.' 1 ['a.b', 'c']
'a.b.c' '.' 2 ['a', 'b', 'c']
'a.b.c' '.' 5 ['a', 'b', 'c']
'a..b' '.' -1 ['a', '', 'b']
'a..b' '.' 0 ['a..b']
'a..b' '.' 1 ['a.', 'b']
'a..b' '.' 2 ['a', '', 'b']
'a..b' '.' 5 ['a', '', 'b']
'.a.' '.' -1 ['', 'a', '']
'.a.' '.' 0 ['.a.']
'.a.' '.' 1 ['.a', '']
'.a.' '.' 2 ['', 'a', '']
'.a.' '.' 5 ['', 'a', '']
'' '.' -1 ['']
'' '.' 0 ['']
'' '.' 1 ['']
'' '.' 2 ['']
'' '.' 5 ['']
'aXXbXXc' 'XX' -1 ['a', 'b', 'c']
'aXXbXXc' 'XX' 0 ['aXXbXXc']
'aXXbXXc' 'XX' 1 ['aXXb', 'c']
'aXXbXXc' 'XX' 2 ['a', 'b', 'c']
'aXXbXXc' 'XX' 5 ['a', 'b', 'c']
--- split(null, maxsplit, side="right")
' a  b  c ' -1 ['a', 'b', 'c']
' a  b  c ' 0 [' a  b  c']
' a  b  c ' 1 [' a  b', 'c']
' a  b  c ' 2 [' a', 'b', 'c']
' a  b  c ' 5 ['a', 'b', 'c']
'  a b  ' -1 ['a', 'b']
'  a b  ' 0 ['  a b']
'  a b  ' 1 ['  a', 'b']
'  a b  ' 2 ['a', 'b']
'  a b  ' 5 ['a', 'b']
'   ' -1 []
'   ' 0 []
'   ' 1 []
'   ' 2 []
'   ' 5 []
'' -1 []
'' 0 []
'' 1 []
'' 2 []
'' 5 []
'a' -1 ['a']
'a' 0 ['a']
'a' 1 ['a']
'a' 2 ['a']
'a' 5 ['a']
--- bytes.split(sep, maxsplit, side="right")
-1 [b'a', b'b', b'c'] [b'a', b'', b'b']
0 [b'a.b.c'] [b'a..b']
1 [b'a.b', b'c'] [b'a.', b'b']
2 [b'a', b'b', b'c'] [b'a', b'', b'b']
5 [b'a', b'b', b'c'] [b'a', b'', b'b']
--- bytes.split(null, maxsplit, side="right")
-1 [b'a', b'b', b'c'] [b'a', b'b']
0 [b' a  b  c'] [b'  a b']
1 [b' a  b', b'c'] [b'  a', b'b']
2 [b' a', b'b', b'c'] [b'a', b'b']
5 [b'a', b'b', b'c'] [b'a', b'b']
--- split off the last field
'a/b/c.txt' ['a/b', 'c.txt'] ['a/b', 'c.txt']
'c.txt' ['c.tx', 'c.txt'] ['c.txt']
'/leading' ['', 'leading'] ['', 'leading']
'trailing/' ['trailing', ''] ['trailing', '']
'' ['', ''] ['']
--- count(sub)
'abcabc' [2, 7, 2, 0, 0]
'abc' [1, 4, 1, 0, 0]
'' [0, 1, 0, 0, 0]
'haééha' [0, 7, 0, 2, 0]
[2, 7, 2, 0]
[1, 4, 1, 0]
[0, 1, 0, 0]
[0, 4, 0, 1]
--- is_digit / is_alpha / is_alnum / is_space
'123' true false true false
'12a' false false true false
'abc' false true true false
'café' false true true false
'a1' false false true false
'' false false false false
' ' false false false true
' \t\n' false false false true
'\x1c' false false false true
'３' true false true false
'ｄ' false true true false
b'123' true false true false
b'12a' false false true false
b'abc' false true true false
b'a1' false false true false
b'' false false false false
b' ' false false false true
b' \t\x0b' false false false true
b'\xff' false false false false
--- join
'a-b-c' 'a' ''
'ab' 'alice, bob'
'a-b'
b'a,b,c' b'ab' b''
["a"].join("-", 2) -> TypeError
["a"].join() -> TypeError
["a", 1].join("-") -> TypeError
