two tasks alternate: ['a0', 'b0', 'a1', 'b1', 'a2', 'b2']
strict alternation: true
without a yield, no interleaving: ['c0', 'c1', 'c2', 'd0', 'd1', 'd2']
---
yield_now() answers: null
1000 yields in a single-task program: 1000
a parked peer is untouched by a yield: delivered
---
TypeError: yield_now() takes 0 argument(s) but 1 were given
TypeError: yield_now() takes no keyword arguments
