b 2
a 1
c 3
('b', 2) b 2
('a', 1) a 1
('c', 3) c 3
['b', 'a', 'c']
true
true false
false
true true
['b', 'a', 'c'] [2, 1, 3]
key b
key a
key c
`dict.items()` is not in Oro — iterating a dict already yields its (key, value) pairs, so write `for k, v in d`; `d.to_list()` is the list of pairs
[('b', 2), ('a', 1), ('c', 3)]
{'a': 1, 'b': 2, 'c': 3}
('a', 1) ('c', 3)
{'b': 20, 'a': 10, 'c': 30}
{'b': 2, 'c': 3}
1 2 3
('b', 2) ('a', 1) ('c', 3)
empty ok
a 1 1
b 2 20
{'a': 1, 'b': 20, 'c': 3}
