--- str.find(sub[, start[, end]])
'abcabc' 'b' [1, 1, -1, 1, 1, -1, 1, 1, 4, -1, -1, 4, -1, -1, 4, -1, -1, -1, -1, -1, -1, -1, 1, -1, 1, 1, -1, 1, 1, 4, -1, -1, 4, -1, -1, 4, -1, -1, -1, -1, -1, -1, -1]
'abcabc' '' [0, 0, 0, 0, 0, 0, 0, 0, 2, -1, 2, 2, -1, 2, 2, 5, -1, -1, 5, -1, -1, 5, 0, 0, 0, 0, 0, 0, 0, 2, -1, 2, 2, -1, 2, 2, -1, -1, -1, -1, -1, -1, -1]
'abcabc' 'abc' [0, 0, -1, -1, 0, -1, -1, 0, 3, -1, -1, -1, -1, -1, 3, -1, -1, -1, -1, -1, -1, -1, 0, -1, -1, 0, -1, -1, 0, 3, -1, -1, -1, -1, -1, 3, -1, -1, -1, -1, -1, -1, -1]
'abcabc' 'é' [-1, -1, -1, -1, -1, -1, -1, -1, -1, -1, -1, -1, -1, -1, -1, -1, -1, -1, -1, -1, -1, -1, -1, -1, -1, -1, -1, -1, -1, -1, -1, -1, -1, -1, -1, -1, -1, -1, -1, -1, -1, -1, -1]
'abcabc' '😀' [-1, -1, -1, -1, -1, -1, -1, -1, -1, -1, -1, -1, -1, -1, -1, -1, -1, -1, -1, -1, -1, -1, -1, -1, -1, -1, -1, -1, -1, -1, -1, -1, -1, -1, -1, -1, -1, -1, -1, -1, -1, -1, -1]
'abc' 'b' [1, 1, -1, -1, 1, -1, 1, 1, 1, -1, -1, 1, -1, 1, 1, -1, -1, -1, -1, -1, -1, -1, 1, -1, -1, 1, -1, 1, 1, -1, -1, -1, -1, -1, -1, -1, -1, -1, -1, -1, -1, -1, -1]
'abc' '' [0, 0, 0, 0, 0, 0, 0, 0, 0, 0, 0, 0, 0, 0, 0, 2, -1, -1, 2, -1, 2, 2, 0, 0, 0, 0, 0, 0, 0, 2, -1, -1, 2, -1, 2, 2, -1, -1, -1, -1, -1, -1, -1]
'abc' 'abc' [0, 0, -1, -1, -1, -1, -1, 0, 0, -1, -1, -1, -1, -1, 0, -1, -1, -1, -1, -1, -1, -1, 0, -1, -1, -1, -1, -1, 0, -1, -1, -1, -1, -1, -1, -1, -1, -1, -1, -1, -1, -1, -1]
'abc' 'é' [-1, -1, -1, -1, -1, -1, -1, -1, -1, -1, -1, -1, -1, -1, -1, -1, -1, -1, -1, -1, -1, -1, -1, -1, -1, -1, -1, -1, -1, -1, -1, -1, -1, -1, -1, -1, -1, -1, -1, -1, -1, -1, -1]
'abc' '😀' [-1, -1, -1, -1, -1, -1, -1, -1, -1, -1, -1, -1, -1, -1, -1, -1, -1, -1, -1, -1, -1, -1, -1, -1, -1, -1, -1, -1, -1, -1, -1, -1, -1, -1, -1, -1, -1, -1, -1, -1, -1, -1, -1]
'' 'b' [-1, -1, -1, -1, -1, -1, -1, -1, -1, -1, -1, -1, -1, -1, -1, -1, -1, -1, -1, -1, -1, -1, -1, -1, -1, -1, -1, -1, -1, -1, -1, -1, -1, -1, -1, -1, -1, -1, -1, -1, -1, -1, -1]
'' '' [0, 0, 0, 0, 0, 0, 0, 0, 0, 0, 0, 0, 0, 0, 0, 0, 0, 0, 0, 0, 0, 0, 0, 0, 0, 0, 0, 0, 0, -1, -1, -1, -1, -1, -1, -1, -1, -1, -1, -1, -1, -1, -1]
'' 'abc' [-1, -1, -1, -1, -1, -1, -1, -1, -1, -1, -1, -1, -1, -1, -1, -1, -1, -1, -1, -1, -1, -1, -1, -1, -1, -1, -1, -1, -1, -1, -1, -1, -1, -1, -1, -1, -1, -1, -1, -1, -1, -1, -1]
'' 'é' [-1, -1, -1, -1, -1, -1, -1, -1, -1, -1, -1, -1, -1, -1, -1, -1, -1, -1, -1, -1, -1, -1, -1, -1, -1, -1, -1, -1, -1, -1, -1, -1, -1, -1, -1, -1, -1, -1, -1, -1, -1, -1, -1]
'' '😀' [-1, -1, -1, -1, -1, -1, -1, -1, -1, -1, -1, -1, -1, -1, -1, -1, -1, -1, -1, -1, -1, -1, -1, -1, -1, -1, -1, -1, -1, -1, -1, -1, -1, -1, -1, -1, -1, -1, -1, -1, -1, -1, -1]
'haééha' 'b' [-1, -1, -1, -1, -1, -1, -1, -1, -1, -1, -1, -1, -1, -1, -1, -1, -1, -1, -1, -1, -1, -1, -1, -1, -1, -1, -1, -1, -1, -1, -1, -1, -1, -1, -1, -1, -1, -1, -1, -1, -1, -1, -1]
'haééha' '' [0, 0, 0, 0, 0, 0, 0, 0, 2, -1, 2, 2, -1, 2, 2, 5, -1, -1, 5, -1, -1, 5, 0, 0, 0, 0, 0, 0, 0, 2, -1, 2, 2, -1, 2, 2, -1, -1, -1, -1, -1, -1, -1]
'haééha' 'abc' [-1, -1, -1, -1, -1, -1, -1, -1, -1, -1, -1, -1, -1, -1, -1, -1, -1, -1, -1, -1, -1, -1, -1, -1, -1, -1, -1, -1, -1, -1, -1, -1, -1, -1, -1, -1, -1, -1, -1, -1, -1, -1, -1]
'haééha' 'é' [2, 2, -1, -1, 2, -1, -1, 2, 2, -1, -1, 2, -1, -1, 2, -1, -1, -1, -1, -1, -1, -1, 2, -1, -1, 2, -1, -1, 2, 2, -1, -1, 2, -1, -1, 2, -1, -1, -1, -1, -1, -1, -1]
'haééha' '😀' [-1, -1, -1, -1, -1, -1, -1, -1, -1, -1, -1, -1, -1, -1, -1, -1, -1, -1, -1, -1, -1, -1, -1, -1, -1, -1, -1, -1, -1, -1, -1, -1, -1, -1, -1, -1, -1, -1, -1, -1, -1, -1, -1]
'😀x😀' 'b' [-1, -1, -1, -1, -1, -1, -1, -1, -1, -1, -1, -1, -1, -1, -1, -1, -1, -1, -1, -1, -1, -1, -1, -1, -1, -1, -1, -1, -1, -1, -1, -1, -1, -1, -1, -1, -1, -1, -1, -1, -1, -1, -1]
'😀x😀' '' [0, 0, 0, 0, 0, 0, 0, 0, 0, 0, 0, 0, 0, 0, 0, 2, -1, -1, 2, -1, 2, 2, 0, 0, 0, 0, 0, 0, 0, 2, -1, -1, 2, -1, 2, 2, -1, -1, -1, -1, -1, -1, -1]
'😀x😀' 'abc' [-1, -1, -1, -1, -1, -1, -1, -1, -1, -1, -1, -1, -1, -1, -1, -1, -1, -1, -1, -1, -1, -1, -1, -1, -1, -1, -1, -1, -1, -1, -1, -1, -1, -1, -1, -1, -1, -1, -1, -1, -1, -1, -1]
'😀x😀' 'é' [-1, -1, -1, -1, -1, -1, -1, -1, -1, -1, -1, -1, -1, -1, -1, -1, -1, -1, -1, -1, -1, -1, -1, -1, -1, -1, -1, -1, -1, -1, -1, -1, -1, -1, -1, -1, -1, -1, -1, -1, -1, -1, -1]
'😀x😀' '😀' [0, 0, -1, -1, 0, -1, 0, 0, 0, -1, -1, 0, -1, 0, 0, 2, -1, -1, -1, -1, -1, 2, 0, -1, -1, 0, -1, 0, 0, 2, -1, -1, -1, -1, -1, 2, -1, -1, -1, -1, -1, -1, -1]
--- str.startswith(prefix[, start[, end]])
'abcabc' 'b' [False, False, False, False, False, False, False, False, False, False, False, False, False, False, False, False, False, False, False, False, False, False, False, False, False, False, False, False, False, False, False, False, False, False, False, False, False, False, False, False, False, False, False]
'abcabc' '' [True, True, True, True, True, True, True, True, True, False, True, True, False, True, True, True, False, False, True, False, False, True, True, True, True, True, True, True, True, True, False, True, True, False, True, True, False, False, False, False, False, False, False]
'abcabc' 'abc' [True, True, False, False, True, False, False, True, False, False, False, False, False, False, False, False, False, False, False, False, False, False, True, False, False, True, False, False, True, False, False, False, False, False, False, False, False, False, False, False, False, False, False]
'abcabc' 'é' [False, False, False, False, False, False, False, False, False, False, False, False, False, False, False, False, False, False, False, False, False, False, False, False, False, False, False, False, False, False, False, False, False, False, False, False, False, False, False, False, False, False, False]
'abcabc' '😀' [False, False, False, False, False, False, False, False, False, False, False, False, False, False, False, False, False, False, False, False, False, False, False, False, False, False, False, False, False, False, False, False, False, False, False, False, False, False, False, False, False, False, False]
'abc' 'b' [False, False, False, False, False, False, False, False, False, False, False, False, False, False, False, False, False, False, False, False, False, False, False, False, False, False, False, False, False, False, False, False, False, False, False, False, False, False, False, False, False, False, False]
'abc' '' [True, True, True, True, True, True, True, True, True, True, True, True, True, True, True, True, False, False, True, False, True, True, True, True, True, True, True, True, True, True, False, False, True, False, True, True, False, False, False, False, False, False, False]
'abc' 'abc' [True, True, False, False, False, False, False, True, True, False, False, False, False, False, True, False, False, False, False, False, False, False, True, False, False, False, False, False, True, False, False, False, False, False, False, False, False, False, False, False, False, False, False]
'abc' 'é' [False, False, False, False, False, False, False, False, False, False, False, False, False, False, False, False, False, False, False, False, False, False, False, False, False, False, False, False, False, False, False, False, False, False, False, False, False, False, False, False, False, False, False]
'abc' '😀' [False, False, False, False, False, False, False, False, False, False, False, False, False, False, False, False, False, False, False, False, False, False, False, False, False, False, False, False, False, False, False, False, False, False, False, False, False, False, False, False, False, False, False]
'' 'b' [False, False, False, False, False, False, False, False, False, False, False, False, False, False, False, False, False, False, False, False, False, False, False, False, False, False, False, False, False, False, False, False, False, False, False, False, False, False, False, False, False, False, False]
'' '' [True, True, True, True, True, True, True, True, True, True, True, True, True, True, True, True, True, True, True, True, True, True, True, True, True, True, True, True, True, False, False, False, False, False, False, False, False, False, False, False, False, False, False]
'' 'abc' [False, False, False, False, False, False, False, False, False, False, False, False, False, False, False, False, False, False, False, False, False, False, False, False, False, False, False, False, False, False, False, False, False, False, False, False, False, False, False, False, False, False, False]
'' 'é' [False, False, False, False, False, False, False, False, False, False, False, False, False, False, False, False, False, False, False, False, False, False, False, False, False, False, False, False, False, False, False, False, False, False, False, False, False, False, False, False, False, False, False]
'' '😀' [False, False, False, False, False, False, False, False, False, False, False, False, False, False, False, False, False, False, False, False, False, False, False, False, False, False, False, False, False, False, False, False, False, False, False, False, False, False, False, False, False, False, False]
'haééha' 'b' [False, False, False, False, False, False, False, False, False, False, False, False, False, False, False, False, False, False, False, False, False, False, False, False, False, False, False, False, False, False, False, False, False, False, False, False, False, False, False, False, False, False, False]
'haééha' '' [True, True, True, True, True, True, True, True, True, False, True, True, False, True, True, True, False, False, True, False, False, True, True, True, True, True, True, True, True, True, False, True, True, False, True, True, False, False, False, False, False, False, False]
'haééha' 'abc' [False, False, False, False, False, False, False, False, False, False, False, False, False, False, False, False, False, False, False, False, False, False, False, False, False, False, False, False, False, False, False, False, False, False, False, False, False, False, False, False, False, False, False]
'haééha' 'é' [False, False, False, False, False, False, False, False, True, False, False, True, False, False, True, False, False, False, False, False, False, False, False, False, False, False, False, False, False, True, False, False, True, False, False, True, False, False, False, False, False, False, False]
'haééha' '😀' [False, False, False, False, False, False, False, False, False, False, False, False, False, False, False, False, False, False, False, False, False, False, False, False, False, False, False, False, False, False, False, False, False, False, False, False, False, False, False, False, False, False, False]
'😀x😀' 'b' [False, False, False, False, False, False, False, False, False, False, False, False, False, False, False, False, False, False, False, False, False, False, False, False, False, False, False, False, False, False, False, False, False, False, False, False, False, False, False, False, False, False, False]
'😀x😀' '' [True, True, True, True, True, True, True, True, True, True, True, True, True, True, True, True, False, False, True, False, True, True, True, True, True, True, True, True, True, True, False, False, True, False, True, True, False, False, False, False, False, False, False]
'😀x😀' 'abc' [False, False, False, False, False, False, False, False, False, False, False, False, False, False, False, False, False, False, False, False, False, False, False, False, False, False, False, False, False, False, False, False, False, False, False, False, False, False, False, False, False, False, False]
'😀x😀' 'é' [False, False, False, False, False, False, False, False, False, False, False, False, False, False, False, False, False, False, False, False, False, False, False, False, False, False, False, False, False, False, False, False, False, False, False, False, False, False, False, False, False, False, False]
'😀x😀' '😀' [True, True, False, False, True, False, True, True, True, False, False, True, False, True, True, True, False, False, False, False, False, True, True, False, False, True, False, True, True, True, False, False, False, False, False, True, False, False, False, False, False, False, False]
--- str.endswith(suffix[, start[, end]])
'abcabc' 'b' [False, False, False, True, True, False, True, False, False, False, False, True, False, False, False, False, False, False, False, False, False, False, False, False, True, True, False, True, False, False, False, False, True, False, False, False, False, False, False, False, False, False, False]
'abcabc' '' [True, True, True, True, True, True, True, True, True, False, True, True, False, True, True, True, False, False, True, False, False, True, True, True, True, True, True, True, True, True, False, True, True, False, True, True, False, False, False, False, False, False, False]
'abcabc' 'abc' [True, True, False, False, False, False, False, True, True, False, False, False, False, False, True, False, False, False, False, False, False, False, True, False, False, False, False, False, True, True, False, False, False, False, False, True, False, False, False, False, False, False, False]
'abcabc' 'é' [False, False, False, False, False, False, False, False, False, False, False, False, False, False, False, False, False, False, False, False, False, False, False, False, False, False, False, False, False, False, False, False, False, False, False, False, False, False, False, False, False, False, False]
'abcabc' '😀' [False, False, False, False, False, False, False, False, False, False, False, False, False, False, False, False, False, False, False, False, False, False, False, False, False, False, False, False, False, False, False, False, False, False, False, False, False, False, False, False, False, False, False]
'abc' 'b' [False, False, False, False, True, False, True, False, False, False, False, True, False, True, False, False, False, False, False, False, False, False, False, False, False, True, False, True, False, False, False, False, False, False, False, False, False, False, False, False, False, False, False]
'abc' '' [True, True, True, True, True, True, True, True, True, True, True, True, True, True, True, True, False, False, True, False, True, True, True, True, True, True, True, True, True, True, False, False, True, False, True, True, False, False, False, False, False, False, False]
'abc' 'abc' [True, True, False, False, False, False, False, True, True, False, False, False, False, False, True, False, False, False, False, False, False, False, True, False, False, False, False, False, True, False, False, False, False, False, False, False, False, False, False, False, False, False, False]
'abc' 'é' [False, False, False, False, False, False, False, False, False, False, False, False, False, False, False, False, False, False, False, False, False, False, False, False, False, False, False, False, False, False, False, False, False, False, False, False, False, False, False, False, False, False, False]
'abc' '😀' [False, False, False, False, False, False, False, False, False, False, False, False, False, False, False, False, False, False, False, False, False, False, False, False, False, False, False, False, False, False, False, False, False, False, False, False, False, False, False, False, False, False, False]
'' 'b' [False, False, False, False, False, False, False, False, False, False, False, False, False, False, False, False, False, False, False, False, False, False, False, False, False, False, False, False, False, False, False, False, False, False, False, False, False, False, False, False, False, False, False]
'' '' [True, True, True, True, True, True, True, True, True, True, True, True, True, True, True, True, True, True, True, True, True, True, True, True, True, True, True, True, True, False, False, False, False, False, False, False, False, False, False, False, False, False, False]
'' 'abc' [False, False, False, False, False, False, False, False, False, False, False, False, False, False, False, False, False, False, False, False, False, False, False, False, False, False, False, False, False, False, False, False, False, False, False, False, False, False, False, False, False, False, False]
'' 'é' [False, False, False, False, False, False, False, False, False, False, False, False, False, False, False, False, False, False, False, False, False, False, False, False, False, False, False, False, False, False, False, False, False, False, False, False, False, False, False, False, False, False, False]
'' '😀' [False, False, False, False, False, False, False, False, False, False, False, False, False, False, False, False, False, False, False, False, False, False, False, False, False, False, False, False, False, False, False, False, False, False, False, False, False, False, False, False, False, False, False]
'haééha' 'b' [False, False, False, False, False, False, False, False, False, False, False, False, False, False, False, False, False, False, False, False, False, False, False, False, False, False, False, False, False, False, False, False, False, False, False, False, False, False, False, False, False, False, False]
'haééha' '' [True, True, True, True, True, True, True, True, True, False, True, True, False, True, True, True, False, False, True, False, False, True, True, True, True, True, True, True, True, True, False, True, True, False, True, True, False, False, False, False, False, False, False]
'haééha' 'abc' [False, False, False, False, False, False, False, False, False, False, False, False, False, False, False, False, False, False, False, False, False, False, False, False, False, False, False, False, False, False, False, False, False, False, False, False, False, False, False, False, False, False, False]
'haééha' 'é' [False, False, False, False, False, False, False, False, False, False, False, False, False, False, False, False, False, False, False, False, False, False, False, False, False, False, False, False, False, False, False, False, False, False, False, False, False, False, False, False, False, False, False]
'haééha' '😀' [False, False, False, False, False, False, False, False, False, False, False, False, False, False, False, False, False, False, False, False, False, False, False, False, False, False, False, False, False, False, False, False, False, False, False, False, False, False, False, False, False, False, False]
'😀x😀' 'b' [False, False, False, False, False, False, False, False, False, False, False, False, False, False, False, False, False, False, False, False, False, False, False, False, False, False, False, False, False, False, False, False, False, False, False, False, False, False, False, False, False, False, False]
'😀x😀' '' [True, True, True, True, True, True, True, True, True, True, True, True, True, True, True, True, False, False, True, False, True, True, True, True, True, True, True, True, True, True, False, False, True, False, True, True, False, False, False, False, False, False, False]
'😀x😀' 'abc' [False, False, False, False, False, False, False, False, False, False, False, False, False, False, False, False, False, False, False, False, False, False, False, False, False, False, False, False, False, False, False, False, False, False, False, False, False, False, False, False, False, False, False]
'😀x😀' 'é' [False, False, False, False, False, False, False, False, False, False, False, False, False, False, False, False, False, False, False, False, False, False, False, False, False, False, False, False, False, False, False, False, False, False, False, False, False, False, False, False, False, False, False]
'😀x😀' '😀' [True, True, False, False, False, False, False, True, True, False, False, False, False, False, True, True, False, False, False, False, False, True, True, False, False, False, False, False, True, True, False, False, False, False, False, True, False, False, False, False, False, False, False]
--- str.replace(old, new[, count])
'abcabc' 'a' 'X' ['XbcXbc', 'XbcXbc', 'XbcXbc', 'abcabc', 'Xbcabc', 'XbcXbc', 'XbcXbc', 'XbcXbc']
'abcabc' 'a' '' ['bcbc', 'bcbc', 'bcbc', 'abcabc', 'bcabc', 'bcbc', 'bcbc', 'bcbc']
'abcabc' 'a' 'yy' ['yybcyybc', 'yybcyybc', 'yybcyybc', 'abcabc', 'yybcabc', 'yybcyybc', 'yybcyybc', 'yybcyybc']
'abcabc' 'a' 'éé' ['éébcéébc', 'éébcéébc', 'éébcéébc', 'abcabc', 'éébcabc', 'éébcéébc', 'éébcéébc', 'éébcéébc']
'abcabc' '' 'X' ['XaXbXcXaXbXcX', 'XaXbXcXaXbXcX', 'XaXbXcXaXbXcX', 'abcabc', 'Xabcabc', 'XaXbcabc', 'XaXbXcXaXbc', 'XaXbXcXaXbXcX']
'abcabc' '' '' ['abcabc', 'abcabc', 'abcabc', 'abcabc', 'abcabc', 'abcabc', 'abcabc', 'abcabc']
'abcabc' '' 'yy' ['yyayybyycyyayybyycyy', 'yyayybyycyyayybyycyy', 'yyayybyycyyayybyycyy', 'abcabc', 'yyabcabc', 'yyayybcabc', 'yyayybyycyyayybc', 'yyayybyycyyayybyycyy']
'abcabc' '' 'éé' ['ééaéébéécééaéébéécéé', 'ééaéébéécééaéébéécéé', 'ééaéébéécééaéébéécéé', 'abcabc', 'ééabcabc', 'ééaéébcabc', 'ééaéébéécééaéébc', 'ééaéébéécééaéébéécéé']
'abcabc' 'ab' 'X' ['XcXc', 'XcXc', 'XcXc', 'abcabc', 'Xcabc', 'XcXc', 'XcXc', 'XcXc']
'abcabc' 'ab' '' ['cc', 'cc', 'cc', 'abcabc', 'cabc', 'cc', 'cc', 'cc']
'abcabc' 'ab' 'yy' ['yycyyc', 'yycyyc', 'yycyyc', 'abcabc', 'yycabc', 'yycyyc', 'yycyyc', 'yycyyc']
'abcabc' 'ab' 'éé' ['éécééc', 'éécééc', 'éécééc', 'abcabc', 'éécabc', 'éécééc', 'éécééc', 'éécééc']
'abcabc' 'é' 'X' ['abcabc', 'abcabc', 'abcabc', 'abcabc', 'abcabc', 'abcabc', 'abcabc', 'abcabc']
'abcabc' 'é' '' ['abcabc', 'abcabc', 'abcabc', 'abcabc', 'abcabc', 'abcabc', 'abcabc', 'abcabc']
'abcabc' 'é' 'yy' ['abcabc', 'abcabc', 'abcabc', 'abcabc', 'abcabc', 'abcabc', 'abcabc', 'abcabc']
'abcabc' 'é' 'éé' ['abcabc', 'abcabc', 'abcabc', 'abcabc', 'abcabc', 'abcabc', 'abcabc', 'abcabc']
'abcabc' 'α' 'X' ['abcabc', 'abcabc', 'abcabc', 'abcabc', 'abcabc', 'abcabc', 'abcabc', 'abcabc']
'abcabc' 'α' '' ['abcabc', 'abcabc', 'abcabc', 'abcabc', 'abcabc', 'abcabc', 'abcabc', 'abcabc']
'abcabc' 'α' 'yy' ['abcabc', 'abcabc', 'abcabc', 'abcabc', 'abcabc', 'abcabc', 'abcabc', 'abcabc']
'abcabc' 'α' 'éé' ['abcabc', 'abcabc', 'abcabc', 'abcabc', 'abcabc', 'abcabc', 'abcabc', 'abcabc']
'abc' 'a' 'X' ['Xbc', 'Xbc', 'Xbc', 'abc', 'Xbc', 'Xbc', 'Xbc', 'Xbc']
'abc' 'a' '' ['bc', 'bc', 'bc', 'abc', 'bc', 'bc', 'bc', 'bc']
'abc' 'a' 'yy' ['yybc', 'yybc', 'yybc', 'abc', 'yybc', 'yybc', 'yybc', 'yybc']
'abc' 'a' 'éé' ['éébc', 'éébc', 'éébc', 'abc', 'éébc', 'éébc', 'éébc', 'éébc']
'abc' '' 'X' ['XaXbXcX', 'XaXbXcX', 'XaXbXcX', 'abc', 'Xabc', 'XaXbc', 'XaXbXcX', 'XaXbXcX']
'abc' '' '' ['abc', 'abc', 'abc', 'abc', 'abc', 'abc', 'abc', 'abc']
'abc' '' 'yy' ['yyayybyycyy', 'yyayybyycyy', 'yyayybyycyy', 'abc', 'yyabc', 'yyayybc', 'yyayybyycyy', 'yyayybyycyy']
'abc' '' 'éé' ['ééaéébéécéé', 'ééaéébéécéé', 'ééaéébéécéé', 'abc', 'ééabc', 'ééaéébc', 'ééaéébéécéé', 'ééaéébéécéé']
'abc' 'ab' 'X' ['Xc', 'Xc', 'Xc', 'abc', 'Xc', 'Xc', 'Xc', 'Xc']
'abc' 'ab' '' ['c', 'c', 'c', 'abc', 'c', 'c', 'c', 'c']
'abc' 'ab' 'yy' ['yyc', 'yyc', 'yyc', 'abc', 'yyc', 'yyc', 'yyc', 'yyc']
'abc' 'ab' 'éé' ['ééc', 'ééc', 'ééc', 'abc', 'ééc', 'ééc', 'ééc', 'ééc']
'abc' 'é' 'X' ['abc', 'abc', 'abc', 'abc', 'abc', 'abc', 'abc', 'abc']
'abc' 'é' '' ['abc', 'abc', 'abc', 'abc', 'abc', 'abc', 'abc', 'abc']
'abc' 'é' 'yy' ['abc', 'abc', 'abc', 'abc', 'abc', 'abc', 'abc', 'abc']
'abc' 'é' 'éé' ['abc', 'abc', 'abc', 'abc', 'abc', 'abc', 'abc', 'abc']
'abc' 'α' 'X' ['abc', 'abc', 'abc', 'abc', 'abc', 'abc', 'abc', 'abc']
'abc' 'α' '' ['abc', 'abc', 'abc', 'abc', 'abc', 'abc', 'abc', 'abc']
'abc' 'α' 'yy' ['abc', 'abc', 'abc', 'abc', 'abc', 'abc', 'abc', 'abc']
'abc' 'α' 'éé' ['abc', 'abc', 'abc', 'abc', 'abc', 'abc', 'abc', 'abc']
'' 'a' 'X' ['', '', '', '', '', '', '', '']
'' 'a' '' ['', '', '', '', '', '', '', '']
'' 'a' 'yy' ['', '', '', '', '', '', '', '']
'' 'a' 'éé' ['', '', '', '', '', '', '', '']
'' '' 'X' ['X', 'X', 'X', '', 'X', 'X', 'X', 'X']
'' '' '' ['', '', '', '', '', '', '', '']
'' '' 'yy' ['yy', 'yy', 'yy', '', 'yy', 'yy', 'yy', 'yy']
'' '' 'éé' ['éé', 'éé', 'éé', '', 'éé', 'éé', 'éé', 'éé']
'' 'ab' 'X' ['', '', '', '', '', '', '', '']
'' 'ab' '' ['', '', '', '', '', '', '', '']
'' 'ab' 'yy' ['', '', '', '', '', '', '', '']
'' 'ab' 'éé' ['', '', '', '', '', '', '', '']
'' 'é' 'X' ['', '', '', '', '', '', '', '']
'' 'é' '' ['', '', '', '', '', '', '', '']
'' 'é' 'yy' ['', '', '', '', '', '', '', '']
'' 'é' 'éé' ['', '', '', '', '', '', '', '']
'' 'α' 'X' ['', '', '', '', '', '', '', '']
'' 'α' '' ['', '', '', '', '', '', '', '']
'' 'α' 'yy' ['', '', '', '', '', '', '', '']
'' 'α' 'éé' ['', '', '', '', '', '', '', '']
'haééha' 'a' 'X' ['hXééhX', 'hXééhX', 'hXééhX', 'haééha', 'hXééha', 'hXééhX', 'hXééhX', 'hXééhX']
'haééha' 'a' '' ['hééh', 'hééh', 'hééh', 'haééha', 'hééha', 'hééh', 'hééh', 'hééh']
'haééha' 'a' 'yy' ['hyyééhyy', 'hyyééhyy', 'hyyééhyy', 'haééha', 'hyyééha', 'hyyééhyy', 'hyyééhyy', 'hyyééhyy']
'haééha' 'a' 'éé' ['hééééhéé', 'hééééhéé', 'hééééhéé', 'haééha', 'hééééha', 'hééééhéé', 'hééééhéé', 'hééééhéé']
'haééha' '' 'X' ['XhXaXéXéXhXaX', 'XhXaXéXéXhXaX', 'XhXaXéXéXhXaX', 'haééha', 'Xhaééha', 'XhXaééha', 'XhXaXéXéXha', 'XhXaXéXéXhXaX']
'haééha' '' '' ['haééha', 'haééha', 'haééha', 'haééha', 'haééha', 'haééha', 'haééha', 'haééha']
'haééha' '' 'yy' ['yyhyyayyéyyéyyhyyayy', 'yyhyyayyéyyéyyhyyayy', 'yyhyyayyéyyéyyhyyayy', 'haééha', 'yyhaééha', 'yyhyyaééha', 'yyhyyayyéyyéyyha', 'yyhyyayyéyyéyyhyyayy']
'haééha' '' 'éé' ['ééhééaééééééééhééaéé', 'ééhééaééééééééhééaéé', 'ééhééaééééééééhééaéé', 'haééha', 'ééhaééha', 'ééhééaééha', 'ééhééaééééééééha', 'ééhééaééééééééhééaéé']
'haééha' 'ab' 'X' ['haééha', 'haééha', 'haééha', 'haééha', 'haééha', 'haééha', 'haééha', 'haééha']
'haééha' 'ab' '' ['haééha', 'haééha', 'haééha', 'haééha', 'haééha', 'haééha', 'haééha', 'haééha']
'haééha' 'ab' 'yy' ['haééha', 'haééha', 'haééha', 'haééha', 'haééha', 'haééha', 'haééha', 'haééha']
'haééha' 'ab' 'éé' ['haééha', 'haééha', 'haééha', 'haééha', 'haééha', 'haééha', 'haééha', 'haééha']
'haééha' 'é' 'X' ['haXXha', 'haXXha', 'haXXha', 'haééha', 'haXéha', 'haXXha', 'haXXha', 'haXXha']
'haééha' 'é' '' ['haha', 'haha', 'haha', 'haééha', 'haéha', 'haha', 'haha', 'haha']
'haééha' 'é' 'yy' ['hayyyyha', 'hayyyyha', 'hayyyyha', 'haééha', 'hayyéha', 'hayyyyha', 'hayyyyha', 'hayyyyha']
'haééha' 'é' 'éé' ['haééééha', 'haééééha', 'haééééha', 'haééha', 'haéééha', 'haééééha', 'haééééha', 'haééééha']
'haééha' 'α' 'X' ['haééha', 'haééha', 'haééha', 'haééha', 'haééha', 'haééha', 'haééha', 'haééha']
'haééha' 'α' '' ['haééha', 'haééha', 'haééha', 'haééha', 'haééha', 'haééha', 'haééha', 'haééha']
'haééha' 'α' 'yy' ['haééha', 'haééha', 'haééha', 'haééha', 'haééha', 'haééha', 'haééha', 'haééha']
'haééha' 'α' 'éé' ['haééha', 'haééha', 'haééha', 'haééha', 'haééha', 'haééha', 'haééha', 'haééha']
'😀x😀' 'a' 'X' ['😀x😀', '😀x😀', '😀x😀', '😀x😀', '😀x😀', '😀x😀', '😀x😀', '😀x😀']
'😀x😀' 'a' '' ['😀x😀', '😀x😀', '😀x😀', '😀x😀', '😀x😀', '😀x😀', '😀x😀', '😀x😀']
'😀x😀' 'a' 'yy' ['😀x😀', '😀x😀', '😀x😀', '😀x😀', '😀x😀', '😀x😀', '😀x😀', '😀x😀']
'😀x😀' 'a' 'éé' ['😀x😀', '😀x😀', '😀x😀', '😀x😀', '😀x😀', '😀x😀', '😀x😀', '😀x😀']
'😀x😀' '' 'X' ['X😀XxX😀X', 'X😀XxX😀X', 'X😀XxX😀X', '😀x😀', 'X😀x😀', 'X😀Xx😀', 'X😀XxX😀X', 'X😀XxX😀X']
'😀x😀' '' '' ['😀x😀', '😀x😀', '😀x😀', '😀x😀', '😀x😀', '😀x😀', '😀x😀', '😀x😀']
'😀x😀' '' 'yy' ['yy😀yyxyy😀yy', 'yy😀yyxyy😀yy', 'yy😀yyxyy😀yy', '😀x😀', 'yy😀x😀', 'yy😀yyx😀', 'yy😀yyxyy😀yy', 'yy😀yyxyy😀yy']
'😀x😀' '' 'éé' ['éé😀ééxéé😀éé', 'éé😀ééxéé😀éé', 'éé😀ééxéé😀éé', '😀x😀', 'éé😀x😀', 'éé😀ééx😀', 'éé😀ééxéé😀éé', 'éé😀ééxéé😀éé']
'😀x😀' 'ab' 'X' ['😀x😀', '😀x😀', '😀x😀', '😀x😀', '😀x😀', '😀x😀', '😀x😀', '😀x😀']
'😀x😀' 'ab' '' ['😀x😀', '😀x😀', '😀x😀', '😀x😀', '😀x😀', '😀x😀', '😀x😀', '😀x😀']
'😀x😀' 'ab' 'yy' ['😀x😀', '😀x😀', '😀x😀', '😀x😀', '😀x😀', '😀x😀', '😀x😀', '😀x😀']
'😀x😀' 'ab' 'éé' ['😀x😀', '😀x😀', '😀x😀', '😀x😀', '😀x😀', '😀x😀', '😀x😀', '😀x😀']
'😀x😀' 'é' 'X' ['😀x😀', '😀x😀', '😀x😀', '😀x😀', '😀x😀', '😀x😀', '😀x😀', '😀x😀']
'😀x😀' 'é' '' ['😀x😀', '😀x😀', '😀x😀', '😀x😀', '😀x😀', '😀x😀', '😀x😀', '😀x😀']
'😀x😀' 'é' 'yy' ['😀x😀', '😀x😀', '😀x😀', '😀x😀', '😀x😀', '😀x😀', '😀x😀', '😀x😀']
'😀x😀' 'é' 'éé' ['😀x😀', '😀x😀', '😀x😀', '😀x😀', '😀x😀', '😀x😀', '😀x😀', '😀x😀']
'😀x😀' 'α' 'X' ['😀x😀', '😀x😀', '😀x😀', '😀x😀', '😀x😀', '😀x😀', '😀x😀', '😀x😀']
'😀x😀' 'α' '' ['😀x😀', '😀x😀', '😀x😀', '😀x😀', '😀x😀', '😀x😀', '😀x😀', '😀x😀']
'😀x😀' 'α' 'yy' ['😀x😀', '😀x😀', '😀x😀', '😀x😀', '😀x😀', '😀x😀', '😀x😀', '😀x😀']
'😀x😀' 'α' 'éé' ['😀x😀', '😀x😀', '😀x😀', '😀x😀', '😀x😀', '😀x😀', '😀x😀', '😀x😀']
--- str.strip / lstrip / rstrip([chars])
'  hi  ' ['hi', 'hi  ', '  hi', '  hi  ', '  hi  ', '  hi  ', '  hi  ', '  hi  ', '  hi  ', '  hi  ', '  hi  ', '  hi  ', '  hi  ', '  hi  ', '  hi  ', '  hi  ', '  hi  ', '  hi  ', 'hi', 'hi  ', '  hi'] ['hi'] ['hi']
'xxhixx' ['xxhixx', 'xxhixx', 'xxhixx', 'hi', 'hixx', 'xxhi', 'hi', 'hixx', 'xxhi', 'xxhixx', 'xxhixx', 'xxhixx', 'xxhixx', 'xxhixx', 'xxhixx', 'xxhixx', 'xxhixx', 'xxhixx', 'xxhixx', 'xxhixx', 'xxhixx'] ['xxhixx'] ['xxhixx']
'xyxhixyx' ['xyxhixyx', 'xyxhixyx', 'xyxhixyx', 'yxhixy', 'yxhixyx', 'xyxhixy', 'hi', 'hixyx', 'xyxhi', 'xyxhixyx', 'xyxhixyx', 'xyxhixyx', 'xyxhixyx', 'xyxhixyx', 'xyxhixyx', 'xyxhixyx', 'xyxhixyx', 'xyxhixyx', 'xyxhixyx', 'xyxhixyx', 'xyxhixyx'] ['xyxhixyx'] ['xyxhixyx']
'' ['', '', '', '', '', '', '', '', '', '', '', '', '', '', '', '', '', '', '', '', ''] [] []
'xxx' ['xxx', 'xxx', 'xxx', '', '', '', '', '', '', 'xxx', 'xxx', 'xxx', 'xxx', 'xxx', 'xxx', 'xxx', 'xxx', 'xxx', 'xxx', 'xxx', 'xxx'] ['xxx'] ['xxx']
'\thi\n ' ['hi', 'hi\n ', '\thi', '\thi\n ', '\thi\n ', '\thi\n ', '\thi\n ', '\thi\n ', '\thi\n ', '\thi\n ', '\thi\n ', '\thi\n ', '\thi\n ', '\thi\n ', '\thi\n ', '\thi\n ', '\thi\n ', '\thi\n ', 'hi', 'hi\n ', '\thi'] ['hi'] ['hi']
'ααhiα' ['ααhiα', 'ααhiα', 'ααhiα', 'ααhiα', 'ααhiα', 'ααhiα', 'ααhiα', 'ααhiα', 'ααhiα', 'ααhiα', 'ααhiα', 'ααhiα', 'hi', 'hiα', 'ααhi', 'ααhiα', 'ααhiα', 'ααhiα', 'ααhiα', 'ααhiα', 'ααhiα'] ['ααhiα'] ['ααhiα']
'a\x1cb\x1d' ['a\x1cb', 'a\x1cb\x1d', 'a\x1cb', 'a\x1cb\x1d', 'a\x1cb\x1d', 'a\x1cb\x1d', 'a\x1cb\x1d', 'a\x1cb\x1d', 'a\x1cb\x1d', 'a\x1cb\x1d', 'a\x1cb\x1d', 'a\x1cb\x1d', 'a\x1cb\x1d', 'a\x1cb\x1d', 'a\x1cb\x1d', '\x1cb\x1d', '\x1cb\x1d', 'a\x1cb\x1d', 'a\x1cb', 'a\x1cb\x1d', 'a\x1cb'] ['a', 'b'] ['a', 'b']
'\x1c\x1e hi \x1f' ['hi', 'hi \x1f', '\x1c\x1e hi', '\x1c\x1e hi \x1f', '\x1c\x1e hi \x1f', '\x1c\x1e hi \x1f', '\x1c\x1e hi \x1f', '\x1c\x1e hi \x1f', '\x1c\x1e hi \x1f', '\x1c\x1e hi \x1f', '\x1c\x1e hi \x1f', '\x1c\x1e hi \x1f', '\x1c\x1e hi \x1f', '\x1c\x1e hi \x1f', '\x1c\x1e hi \x1f', '\x1c\x1e hi \x1f', '\x1c\x1e hi \x1f', '\x1c\x1e hi \x1f', 'hi', 'hi \x1f', '\x1c\x1e hi'] ['hi'] ['hi']
--- bytes.find(sub[, start[, end]])
b'abcabc' b'b' [1, 1, -1, 1, 1, -1, 1, 1, 4, -1, -1, 4, -1, -1, 4, -1, -1, -1, -1, -1, -1, -1, 1, -1, 1, 1, -1, 1, 1, 4, -1, -1, 4, -1, -1, 4, -1, -1, -1, -1, -1, -1, -1]
b'abcabc' b'' [0, 0, 0, 0, 0, 0, 0, 0, 2, -1, 2, 2, -1, 2, 2, 5, -1, -1, 5, -1, -1, 5, 0, 0, 0, 0, 0, 0, 0, 2, -1, 2, 2, -1, 2, 2, -1, -1, -1, -1, -1, -1, -1]
b'abcabc' b'abc' [0, 0, -1, -1, 0, -1, -1, 0, 3, -1, -1, -1, -1, -1, 3, -1, -1, -1, -1, -1, -1, -1, 0, -1, -1, 0, -1, -1, 0, 3, -1, -1, -1, -1, -1, 3, -1, -1, -1, -1, -1, -1, -1]
b'abcabc' b'\xc3\xa9' [-1, -1, -1, -1, -1, -1, -1, -1, -1, -1, -1, -1, -1, -1, -1, -1, -1, -1, -1, -1, -1, -1, -1, -1, -1, -1, -1, -1, -1, -1, -1, -1, -1, -1, -1, -1, -1, -1, -1, -1, -1, -1, -1]
b'abcabc' b'\xff' [-1, -1, -1, -1, -1, -1, -1, -1, -1, -1, -1, -1, -1, -1, -1, -1, -1, -1, -1, -1, -1, -1, -1, -1, -1, -1, -1, -1, -1, -1, -1, -1, -1, -1, -1, -1, -1, -1, -1, -1, -1, -1, -1]
b'abc' b'b' [1, 1, -1, -1, 1, -1, 1, 1, 1, -1, -1, 1, -1, 1, 1, -1, -1, -1, -1, -1, -1, -1, 1, -1, -1, 1, -1, 1, 1, -1, -1, -1, -1, -1, -1, -1, -1, -1, -1, -1, -1, -1, -1]
b'abc' b'' [0, 0, 0, 0, 0, 0, 0, 0, 0, 0, 0, 0, 0, 0, 0, 2, -1, -1, 2, -1, 2, 2, 0, 0, 0, 0, 0, 0, 0, 2, -1, -1, 2, -1, 2, 2, -1, -1, -1, -1, -1, -1, -1]
b'abc' b'abc' [0, 0, -1, -1, -1, -1, -1, 0, 0, -1, -1, -1, -1, -1, 0, -1, -1, -1, -1, -1, -1, -1, 0, -1, -1, -1, -1, -1, 0, -1, -1, -1, -1, -1, -1, -1, -1, -1, -1, -1, -1, -1, -1]
b'abc' b'\xc3\xa9' [-1, -1, -1, -1, -1, -1, -1, -1, -1, -1, -1, -1, -1, -1, -1, -1, -1, -1, -1, -1, -1, -1, -1, -1, -1, -1, -1, -1, -1, -1, -1, -1, -1, -1, -1, -1, -1, -1, -1, -1, -1, -1, -1]
b'abc' b'\xff' [-1, -1, -1, -1, -1, -1, -1, -1, -1, -1, -1, -1, -1, -1, -1, -1, -1, -1, -1, -1, -1, -1, -1, -1, -1, -1, -1, -1, -1, -1, -1, -1, -1, -1, -1, -1, -1, -1, -1, -1, -1, -1, -1]
b'' b'b' [-1, -1, -1, -1, -1, -1, -1, -1, -1, -1, -1, -1, -1, -1, -1, -1, -1, -1, -1, -1, -1, -1, -1, -1, -1, -1, -1, -1, -1, -1, -1, -1, -1, -1, -1, -1, -1, -1, -1, -1, -1, -1, -1]
b'' b'' [0, 0, 0, 0, 0, 0, 0, 0, 0, 0, 0, 0, 0, 0, 0, 0, 0, 0, 0, 0, 0, 0, 0, 0, 0, 0, 0, 0, 0, -1, -1, -1, -1, -1, -1, -1, -1, -1, -1, -1, -1, -1, -1]
b'' b'abc' [-1, -1, -1, -1, -1, -1, -1, -1, -1, -1, -1, -1, -1, -1, -1, -1, -1, -1, -1, -1, -1, -1, -1, -1, -1, -1, -1, -1, -1, -1, -1, -1, -1, -1, -1, -1, -1, -1, -1, -1, -1, -1, -1]
b'' b'\xc3\xa9' [-1, -1, -1, -1, -1, -1, -1, -1, -1, -1, -1, -1, -1, -1, -1, -1, -1, -1, -1, -1, -1, -1, -1, -1, -1, -1, -1, -1, -1, -1, -1, -1, -1, -1, -1, -1, -1, -1, -1, -1, -1, -1, -1]
b'' b'\xff' [-1, -1, -1, -1, -1, -1, -1, -1, -1, -1, -1, -1, -1, -1, -1, -1, -1, -1, -1, -1, -1, -1, -1, -1, -1, -1, -1, -1, -1, -1, -1, -1, -1, -1, -1, -1, -1, -1, -1, -1, -1, -1, -1]
b'\xc3\xa9x\xc3\xa9' b'b' [-1, -1, -1, -1, -1, -1, -1, -1, -1, -1, -1, -1, -1, -1, -1, -1, -1, -1, -1, -1, -1, -1, -1, -1, -1, -1, -1, -1, -1, -1, -1, -1, -1, -1, -1, -1, -1, -1, -1, -1, -1, -1, -1]
b'\xc3\xa9x\xc3\xa9' b'' [0, 0, 0, 0, 0, 0, 0, 0, 1, -1, 1, 1, -1, 1, 1, 4, -1, -1, 4, -1, -1, 4, 0, 0, 0, 0, 0, 0, 0, 2, -1, -1, 2, -1, 2, 2, -1, -1, -1, -1, -1, -1, -1]
b'\xc3\xa9x\xc3\xa9' b'abc' [-1, -1, -1, -1, -1, -1, -1, -1, -1, -1, -1, -1, -1, -1, -1, -1, -1, -1, -1, -1, -1, -1, -1, -1, -1, -1, -1, -1, -1, -1, -1, -1, -1, -1, -1, -1, -1, -1, -1, -1, -1, -1, -1]
b'\xc3\xa9x\xc3\xa9' b'\xc3\xa9' [0, 0, -1, -1, 0, -1, 0, 0, 3, -1, -1, -1, -1, -1, 3, -1, -1, -1, -1, -1, -1, -1, 0, -1, -1, 0, -1, 0, 0, 3, -1, -1, -1, -1, -1, 3, -1, -1, -1, -1, -1, -1, -1]
b'\xc3\xa9x\xc3\xa9' b'\xff' [-1, -1, -1, -1, -1, -1, -1, -1, -1, -1, -1, -1, -1, -1, -1, -1, -1, -1, -1, -1, -1, -1, -1, -1, -1, -1, -1, -1, -1, -1, -1, -1, -1, -1, -1, -1, -1, -1, -1, -1, -1, -1, -1]
b'\x00a\xff' b'b' [-1, -1, -1, -1, -1, -1, -1, -1, -1, -1, -1, -1, -1, -1, -1, -1, -1, -1, -1, -1, -1, -1, -1, -1, -1, -1, -1, -1, -1, -1, -1, -1, -1, -1, -1, -1, -1, -1, -1, -1, -1, -1, -1]
b'\x00a\xff' b'' [0, 0, 0, 0, 0, 0, 0, 0, 0, 0, 0, 0, 0, 0, 0, 2, -1, -1, 2, -1, 2, 2, 0, 0, 0, 0, 0, 0, 0, 2, -1, -1, 2, -1, 2, 2, -1, -1, -1, -1, -1, -1, -1]
b'\x00a\xff' b'abc' [-1, -1, -1, -1, -1, -1, -1, -1, -1, -1, -1, -1, -1, -1, -1, -1, -1, -1, -1, -1, -1, -1, -1, -1, -1, -1, -1, -1, -1, -1, -1, -1, -1, -1, -1, -1, -1, -1, -1, -1, -1, -1, -1]
b'\x00a\xff' b'\xc3\xa9' [-1, -1, -1, -1, -1, -1, -1, -1, -1, -1, -1, -1, -1, -1, -1, -1, -1, -1, -1, -1, -1, -1, -1, -1, -1, -1, -1, -1, -1, -1, -1, -1, -1, -1, -1, -1, -1, -1, -1, -1, -1, -1, -1]
b'\x00a\xff' b'\xff' [2, 2, -1, -1, -1, -1, -1, 2, 2, -1, -1, -1, -1, -1, 2, 2, -1, -1, -1, -1, -1, 2, 2, -1, -1, -1, -1, -1, 2, 2, -1, -1, -1, -1, -1, 2, -1, -1, -1, -1, -1, -1, -1]
--- bytes.startswith / endswith(affix[, start[, end]])
b'abcabc' b'b' [False, False, False, False, False, False, False, True, False, True, False, False, False, True, False, False, False, False, False, False, False, False, False, True, False, False, False, False, False, False, False, False, False, False, False, False, False, False, False, False, False, False, False, False, False, False, False, False, False, True, False, True, False, False, False, True, False, False, False, False, False, False, False, False, False, True, False, False, False, False, False, False, False, False, False, False, False, False, False, False, False, False, False, False, False, False]
b'abcabc' b'' [True, True, True, True, True, True, True, True, True, True, True, True, True, True, True, True, True, True, False, False, True, True, True, True, False, False, True, True, True, True, True, True, False, False, False, False, True, True, False, False, False, False, True, True, True, True, True, True, True, True, True, True, True, True, True, True, True, True, True, True, False, False, True, True, True, True, False, False, True, True, True, True, False, False, False, False, False, False, False, False, False, False, False, False, False, False]
b'abcabc' b'abc' [True, True, True, True, False, False, False, False, True, False, False, False, False, False, True, True, False, True, False, False, False, False, False, False, False, False, False, False, False, True, False, False, False, False, False, False, False, False, False, False, False, False, False, False, True, True, False, False, False, False, True, False, False, False, False, False, True, True, False, True, False, False, False, False, False, False, False, False, False, False, False, True, False, False, False, False, False, False, False, False, False, False, False, False, False, False]
b'abcabc' b'\xc3\xa9' [False, False, False, False, False, False, False, False, False, False, False, False, False, False, False, False, False, False, False, False, False, False, False, False, False, False, False, False, False, False, False, False, False, False, False, False, False, False, False, False, False, False, False, False, False, False, False, False, False, False, False, False, False, False, False, False, False, False, False, False, False, False, False, False, False, False, False, False, False, False, False, False, False, False, False, False, False, False, False, False, False, False, False, False, False, False]
b'abcabc' b'\xff' [False, False, False, False, False, False, False, False, False, False, False, False, False, False, False, False, False, False, False, False, False, False, False, False, False, False, False, False, False, False, False, False, False, False, False, False, False, False, False, False, False, False, False, False, False, False, False, False, False, False, False, False, False, False, False, False, False, False, False, False, False, False, False, False, False, False, False, False, False, False, False, False, False, False, False, False, False, False, False, False, False, False, False, False, False, False]
b'abc' b'b' [False, False, False, False, False, False, False, False, False, True, False, False, False, True, False, False, False, False, False, False, False, False, False, True, False, False, False, True, False, False, False, False, False, False, False, False, False, False, False, False, False, False, False, False, False, False, False, False, False, False, False, True, False, False, False, True, False, False, False, False, False, False, False, False, False, False, False, False, False, False, False, False, False, False, False, False, False, False, False, False, False, False, False, False, False, False]
b'abc' b'' [True, True, True, True, True, True, True, True, True, True, True, True, True, True, True, True, True, True, True, True, True, True, True, True, True, True, True, True, True, True, True, True, False, False, False, False, True, True, False, False, True, True, True, True, True, True, True, True, True, True, True, True, True, True, True, True, True, True, True, True, False, False, False, False, True, True, False, False, True, True, True, True, False, False, False, False, False, False, False, False, False, False, False, False, False, False]
b'abc' b'abc' [True, True, True, True, False, False, False, False, False, False, False, False, False, False, True, True, True, True, False, False, False, False, False, False, False, False, False, False, True, True, False, False, False, False, False, False, False, False, False, False, False, False, False, False, True, True, False, False, False, False, False, False, False, False, False, False, True, True, False, False, False, False, False, False, False, False, False, False, False, False, False, False, False, False, False, False, False, False, False, False, False, False, False, False, False, False]
b'abc' b'\xc3\xa9' [False, False, False, False, False, False, False, False, False, False, False, False, False, False, False, False, False, False, False, False, False, False, False, False, False, False, False, False, False, False, False, False, False, False, False, False, False, False, False, False, False, False, False, False, False, False, False, False, False, False, False, False, False, False, False, False, False, False, False, False, False, False, False, False, False, False, False, False, False, False, False, False, False, False, False, False, False, False, False, False, False, False, False, False, False, False]
b'abc' b'\xff' [False, False, False, False, False, False, False, False, False, False, False, False, False, False, False, False, False, False, False, False, False, False, False, False, False, False, False, False, False, False, False, False, False, False, False, False, False, False, False, False, False, False, False, False, False, False, False, False, False, False, False, False, False, False, False, False, False, False, False, False, False, False, False, False, False, False, False, False, False, False, False, False, False, False, False, False, False, False, False, False, False, False, False, False, False, False]
b'' b'b' [False, False, False, False, False, False, False, False, False, False, False, False, False, False, False, False, False, False, False, False, False, False, False, False, False, False, False, False, False, False, False, False, False, False, False, False, False, False, False, False, False, False, False, False, False, False, False, False, False, False, False, False, False, False, False, False, False, False, False, False, False, False, False, False, False, False, False, False, False, False, False, False, False, False, False, False, False, False, False, False, False, False, False, False, False, False]
b'' b'' [True, True, True, True, True, True, True, True, True, True, True, True, True, True, True, True, True, True, True, True, True, True, True, True, True, True, True, True, True, True, True, True, True, True, True, True, True, True, True, True, True, True, True, True, True, True, True, True, True, True, True, True, True, True, True, True, True, True, False, False, False, False, False, False, False, False, False, False, False, False, False, False, False, False, False, False, False, False, False, False, False, False, False, False, False, False]
b'' b'abc' [False, False, False, False, False, False, False, False, False, False, False, False, False, False, False, False, False, False, False, False, False, False, False, False, False, False, False, False, False, False, False, False, False, False, False, False, False, False, False, False, False, False, False, False, False, False, False, False, False, False, False, False, False, False, False, False, False, False, False, False, False, False, False, False, False, False, False, False, False, False, False, False, False, False, False, False, False, False, False, False, False, False, False, False, False, False]
b'' b'\xc3\xa9' [False, False, False, False, False, False, False, False, False, False, False, False, False, False, False, False, False, False, False, False, False, False, False, False, False, False, False, False, False, False, False, False, False, False, False, False, False, False, False, False, False, False, False, False, False, False, False, False, False, False, False, False, False, False, False, False, False, False, False, False, False, False, False, False, False, False, False, False, False, False, False, False, False, False, False, False, False, False, False, False, False, False, False, False, False, False]
b'' b'\xff' [False, False, False, False, False, False, False, False, False, False, False, False, False, False, False, False, False, False, False, False, False, False, False, False, False, False, False, False, False, False, False, False, False, False, False, False, False, False, False, False, False, False, False, False, False, False, False, False, False, False, False, False, False, False, False, False, False, False, False, False, False, False, False, False, False, False, False, False, False, False, False, False, False, False, False, False, False, False, False, False, False, False, False, False, False, False]
b'\xc3\xa9x\xc3\xa9' b'b' [False, False, False, False, False, False, False, False, False, False, False, False, False, False, False, False, False, False, False, False, False, False, False, False, False, False, False, False, False, False, False, False, False, False, False, False, False, False, False, False, False, False, False, False, False, False, False, False, False, False, False, False, False, False, False, False, False, False, False, False, False, False, False, False, False, False, False, False, False, False, False, False, False, False, False, False, False, False, False, False, False, False, False, False, False, False]
b'\xc3\xa9x\xc3\xa9' b'' [True, True, True, True, True, True, True, True, True, True, True, True, True, True, True, True, True, True, False, False, True, True, True, True, False, False, True, True, True, True, True, True, False, False, False, False, True, True, False, False, False, False, True, True, True, True, True, True, True, True, True, True, True, True, True, True, True, True, True, True, False, False, False, False, True, True, False, False, True, True, True, True, False, False, False, False, False, False, False, False, False, False, False, False, False, False]
b'\xc3\xa9x\xc3\xa9' b'abc' [False, False, False, False, False, False, False, False, False, False, False, False, False, False, False, False, False, False, False, False, False, False, False, False, False, False, False, False, False, False, False, False, False, False, False, False, False, False, False, False, False, False, False, False, False, False, False, False, False, False, False, False, False, False, False, False, False, False, False, False, False, False, False, False, False, False, False, False, False, False, False, False, False, False, False, False, False, False, False, False, False, False, False, False, False, False]
b'\xc3\xa9x\xc3\xa9' b'\xc3\xa9' [True, True, True, True, False, False, False, False, True, False, False, False, True, True, True, True, False, True, False, False, False, False, False, False, False, False, False, False, False, True, False, False, False, False, False, False, False, False, False, False, False, False, False, False, True, True, False, False, False, False, True, False, False, False, True, True, True, True, False, True, False, False, False, False, False, False, False, False, False, False, False, True, False, False, False, False, False, False, False, False, False, False, False, False, False, False]
b'\xc3\xa9x\xc3\xa9' b'\xff' [False, False, False, False, False, False, False, False, False, False, False, False, False, False, False, False, False, False, False, False, False, False, False, False, False, False, False, False, False, False, False, False, False, False, False, False, False, False, False, False, False, False, False, False, False, False, False, False, False, False, False, False, False, False, False, False, False, False, False, False, False, False, False, False, False, False, False, False, False, False, False, False, False, False, False, False, False, False, False, False, False, False, False, False, False, False]
b'\x00a\xff' b'b' [False, False, False, False, False, False, False, False, False, False, False, False, False, False, False, False, False, False, False, False, False, False, False, False, False, False, False, False, False, False, False, False, False, False, False, False, False, False, False, False, False, False, False, False, False, False, False, False, False, False, False, False, False, False, False, False, False, False, False, False, False, False, False, False, False, False, False, False, False, False, False, False, False, False, False, False, False, False, False, False, False, False, False, False, False, False]
b'\x00a\xff' b'' [True, True, True, True, True, True, True, True, True, True, True, True, True, True, True, True, True, True, True, True, True, True, True, True, True, True, True, True, True, True, True, True, False, False, False, False, True, True, False, False, True, True, True, True, True, True, True, True, True, True, True, True, True, True, True, True, True, True, True, True, False, False, False, False, True, True, False, False, True, True, True, True, False, False, False, False, False, False, False, False, False, False, False, False, False, False]
b'\x00a\xff' b'abc' [False, False, False, False, False, False, False, False, False, False, False, False, False, False, False, False, False, False, False, False, False, False, False, False, False, False, False, False, False, False, False, False, False, False, False, False, False, False, False, False, False, False, False, False, False, False, False, False, False, False, False, False, False, False, False, False, False, False, False, False, False, False, False, False, False, False, False, False, False, False, False, False, False, False, False, False, False, False, False, False, False, False, False, False, False, False]
b'\x00a\xff' b'\xc3\xa9' [False, False, False, False, False, False, False, False, False, False, False, False, False, False, False, False, False, False, False, False, False, False, False, False, False, False, False, False, False, False, False, False, False, False, False, False, False, False, False, False, False, False, False, False, False, False, False, False, False, False, False, False, False, False, False, False, False, False, False, False, False, False, False, False, False, False, False, False, False, False, False, False, False, False, False, False, False, False, False, False, False, False, False, False, False, False]
b'\x00a\xff' b'\xff' [False, True, False, True, False, False, False, False, False, False, False, False, False, False, False, True, False, True, False, False, False, False, False, False, False, False, False, False, False, True, True, True, False, False, False, False, False, False, False, False, False, False, True, True, False, True, False, False, False, False, False, False, False, False, False, False, False, True, True, True, False, False, False, False, False, False, False, False, False, False, True, True, False, False, False, False, False, False, False, False, False, False, False, False, False, False]
--- bytes.replace(old, new[, count])
b'abcabc' b'a' b'X' [b'XbcXbc', b'XbcXbc', b'XbcXbc', b'abcabc', b'Xbcabc', b'XbcXbc', b'XbcXbc', b'XbcXbc']
b'abcabc' b'a' b'' [b'bcbc', b'bcbc', b'bcbc', b'abcabc', b'bcabc', b'bcbc', b'bcbc', b'bcbc']
b'abcabc' b'a' b'yy' [b'yybcyybc', b'yybcyybc', b'yybcyybc', b'abcabc', b'yybcabc', b'yybcyybc', b'yybcyybc', b'yybcyybc']
b'abcabc' b'' b'X' [b'XaXbXcXaXbXcX', b'XaXbXcXaXbXcX', b'XaXbXcXaXbXcX', b'abcabc', b'Xabcabc', b'XaXbcabc', b'XaXbXcXaXbc', b'XaXbXcXaXbXcX']
b'abcabc' b'' b'' [b'abcabc', b'abcabc', b'abcabc', b'abcabc', b'abcabc', b'abcabc', b'abcabc', b'abcabc']
b'abcabc' b'' b'yy' [b'yyayybyycyyayybyycyy', b'yyayybyycyyayybyycyy', b'yyayybyycyyayybyycyy', b'abcabc', b'yyabcabc', b'yyayybcabc', b'yyayybyycyyayybc', b'yyayybyycyyayybyycyy']
b'abcabc' b'ab' b'X' [b'XcXc', b'XcXc', b'XcXc', b'abcabc', b'Xcabc', b'XcXc', b'XcXc', b'XcXc']
b'abcabc' b'ab' b'' [b'cc', b'cc', b'cc', b'abcabc', b'cabc', b'cc', b'cc', b'cc']
b'abcabc' b'ab' b'yy' [b'yycyyc', b'yycyyc', b'yycyyc', b'abcabc', b'yycabc', b'yycyyc', b'yycyyc', b'yycyyc']
b'abcabc' b'\xc3\xa9' b'X' [b'abcabc', b'abcabc', b'abcabc', b'abcabc', b'abcabc', b'abcabc', b'abcabc', b'abcabc']
b'abcabc' b'\xc3\xa9' b'' [b'abcabc', b'abcabc', b'abcabc', b'abcabc', b'abcabc', b'abcabc', b'abcabc', b'abcabc']
b'abcabc' b'\xc3\xa9' b'yy' [b'abcabc', b'abcabc', b'abcabc', b'abcabc', b'abcabc', b'abcabc', b'abcabc', b'abcabc']
b'abc' b'a' b'X' [b'Xbc', b'Xbc', b'Xbc', b'abc', b'Xbc', b'Xbc', b'Xbc', b'Xbc']
b'abc' b'a' b'' [b'bc', b'bc', b'bc', b'abc', b'bc', b'bc', b'bc', b'bc']
b'abc' b'a' b'yy' [b'yybc', b'yybc', b'yybc', b'abc', b'yybc', b'yybc', b'yybc', b'yybc']
b'abc' b'' b'X' [b'XaXbXcX', b'XaXbXcX', b'XaXbXcX', b'abc', b'Xabc', b'XaXbc', b'XaXbXcX', b'XaXbXcX']
b'abc' b'' b'' [b'abc', b'abc', b'abc', b'abc', b'abc', b'abc', b'abc', b'abc']
b'abc' b'' b'yy' [b'yyayybyycyy', b'yyayybyycyy', b'yyayybyycyy', b'abc', b'yyabc', b'yyayybc', b'yyayybyycyy', b'yyayybyycyy']
b'abc' b'ab' b'X' [b'Xc', b'Xc', b'Xc', b'abc', b'Xc', b'Xc', b'Xc', b'Xc']
b'abc' b'ab' b'' [b'c', b'c', b'c', b'abc', b'c', b'c', b'c', b'c']
b'abc' b'ab' b'yy' [b'yyc', b'yyc', b'yyc', b'abc', b'yyc', b'yyc', b'yyc', b'yyc']
b'abc' b'\xc3\xa9' b'X' [b'abc', b'abc', b'abc', b'abc', b'abc', b'abc', b'abc', b'abc']
b'abc' b'\xc3\xa9' b'' [b'abc', b'abc', b'abc', b'abc', b'abc', b'abc', b'abc', b'abc']
b'abc' b'\xc3\xa9' b'yy' [b'abc', b'abc', b'abc', b'abc', b'abc', b'abc', b'abc', b'abc']
b'' b'a' b'X' [b'', b'', b'', b'', b'', b'', b'', b'']
b'' b'a' b'' [b'', b'', b'', b'', b'', b'', b'', b'']
b'' b'a' b'yy' [b'', b'', b'', b'', b'', b'', b'', b'']
b'' b'' b'X' [b'X', b'X', b'X', b'', b'X', b'X', b'X', b'X']
b'' b'' b'' [b'', b'', b'', b'', b'', b'', b'', b'']
b'' b'' b'yy' [b'yy', b'yy', b'yy', b'', b'yy', b'yy', b'yy', b'yy']
b'' b'ab' b'X' [b'', b'', b'', b'', b'', b'', b'', b'']
b'' b'ab' b'' [b'', b'', b'', b'', b'', b'', b'', b'']
b'' b'ab' b'yy' [b'', b'', b'', b'', b'', b'', b'', b'']
b'' b'\xc3\xa9' b'X' [b'', b'', b'', b'', b'', b'', b'', b'']
b'' b'\xc3\xa9' b'' [b'', b'', b'', b'', b'', b'', b'', b'']
b'' b'\xc3\xa9' b'yy' [b'', b'', b'', b'', b'', b'', b'', b'']
b'\xc3\xa9x\xc3\xa9' b'a' b'X' [b'\xc3\xa9x\xc3\xa9', b'\xc3\xa9x\xc3\xa9', b'\xc3\xa9x\xc3\xa9', b'\xc3\xa9x\xc3\xa9', b'\xc3\xa9x\xc3\xa9', b'\xc3\xa9x\xc3\xa9', b'\xc3\xa9x\xc3\xa9', b'\xc3\xa9x\xc3\xa9']
b'\xc3\xa9x\xc3\xa9' b'a' b'' [b'\xc3\xa9x\xc3\xa9', b'\xc3\xa9x\xc3\xa9', b'\xc3\xa9x\xc3\xa9', b'\xc3\xa9x\xc3\xa9', b'\xc3\xa9x\xc3\xa9', b'\xc3\xa9x\xc3\xa9', b'\xc3\xa9x\xc3\xa9', b'\xc3\xa9x\xc3\xa9']
b'\xc3\xa9x\xc3\xa9' b'a' b'yy' [b'\xc3\xa9x\xc3\xa9', b'\xc3\xa9x\xc3\xa9', b'\xc3\xa9x\xc3\xa9', b'\xc3\xa9x\xc3\xa9', b'\xc3\xa9x\xc3\xa9', b'\xc3\xa9x\xc3\xa9', b'\xc3\xa9x\xc3\xa9', b'\xc3\xa9x\xc3\xa9']
b'\xc3\xa9x\xc3\xa9' b'' b'X' [b'X\xc3X\xa9XxX\xc3X\xa9X', b'X\xc3X\xa9XxX\xc3X\xa9X', b'X\xc3X\xa9XxX\xc3X\xa9X', b'\xc3\xa9x\xc3\xa9', b'X\xc3\xa9x\xc3\xa9', b'X\xc3X\xa9x\xc3\xa9', b'X\xc3X\xa9XxX\xc3X\xa9', b'X\xc3X\xa9XxX\xc3X\xa9X']
b'\xc3\xa9x\xc3\xa9' b'' b'' [b'\xc3\xa9x\xc3\xa9', b'\xc3\xa9x\xc3\xa9', b'\xc3\xa9x\xc3\xa9', b'\xc3\xa9x\xc3\xa9', b'\xc3\xa9x\xc3\xa9', b'\xc3\xa9x\xc3\xa9', b'\xc3\xa9x\xc3\xa9', b'\xc3\xa9x\xc3\xa9']
b'\xc3\xa9x\xc3\xa9' b'' b'yy' [b'yy\xc3yy\xa9yyxyy\xc3yy\xa9yy', b'yy\xc3yy\xa9yyxyy\xc3yy\xa9yy', b'yy\xc3yy\xa9yyxyy\xc3yy\xa9yy', b'\xc3\xa9x\xc3\xa9', b'yy\xc3\xa9x\xc3\xa9', b'yy\xc3yy\xa9x\xc3\xa9', b'yy\xc3yy\xa9yyxyy\xc3yy\xa9', b'yy\xc3yy\xa9yyxyy\xc3yy\xa9yy']
b'\xc3\xa9x\xc3\xa9' b'ab' b'X' [b'\xc3\xa9x\xc3\xa9', b'\xc3\xa9x\xc3\xa9', b'\xc3\xa9x\xc3\xa9', b'\xc3\xa9x\xc3\xa9', b'\xc3\xa9x\xc3\xa9', b'\xc3\xa9x\xc3\xa9', b'\xc3\xa9x\xc3\xa9', b'\xc3\xa9x\xc3\xa9']
b'\xc3\xa9x\xc3\xa9' b'ab' b'' [b'\xc3\xa9x\xc3\xa9', b'\xc3\xa9x\xc3\xa9', b'\xc3\xa9x\xc3\xa9', b'\xc3\xa9x\xc3\xa9', b'\xc3\xa9x\xc3\xa9', b'\xc3\xa9x\xc3\xa9', b'\xc3\xa9x\xc3\xa9', b'\xc3\xa9x\xc3\xa9']
b'\xc3\xa9x\xc3\xa9' b'ab' b'yy' [b'\xc3\xa9x\xc3\xa9', b'\xc3\xa9x\xc3\xa9', b'\xc3\xa9x\xc3\xa9', b'\xc3\xa9x\xc3\xa9', b'\xc3\xa9x\xc3\xa9', b'\xc3\xa9x\xc3\xa9', b'\xc3\xa9x\xc3\xa9', b'\xc3\xa9x\xc3\xa9']
b'\xc3\xa9x\xc3\xa9' b'\xc3\xa9' b'X' [b'XxX', b'XxX', b'XxX', b'\xc3\xa9x\xc3\xa9', b'Xx\xc3\xa9', b'XxX', b'XxX', b'XxX']
b'\xc3\xa9x\xc3\xa9' b'\xc3\xa9' b'' [b'x', b'x', b'x', b'\xc3\xa9x\xc3\xa9', b'x\xc3\xa9', b'x', b'x', b'x']
b'\xc3\xa9x\xc3\xa9' b'\xc3\xa9' b'yy' [b'yyxyy', b'yyxyy', b'yyxyy', b'\xc3\xa9x\xc3\xa9', b'yyx\xc3\xa9', b'yyxyy', b'yyxyy', b'yyxyy']
b'\x00a\xff' b'a' b'X' [b'\x00X\xff', b'\x00X\xff', b'\x00X\xff', b'\x00a\xff', b'\x00X\xff', b'\x00X\xff', b'\x00X\xff', b'\x00X\xff']
b'\x00a\xff' b'a' b'' [b'\x00\xff', b'\x00\xff', b'\x00\xff', b'\x00a\xff', b'\x00\xff', b'\x00\xff', b'\x00\xff', b'\x00\xff']
b'\x00a\xff' b'a' b'yy' [b'\x00yy\xff', b'\x00yy\xff', b'\x00yy\xff', b'\x00a\xff', b'\x00yy\xff', b'\x00yy\xff', b'\x00yy\xff', b'\x00yy\xff']
b'\x00a\xff' b'' b'X' [b'X\x00XaX\xffX', b'X\x00XaX\xffX', b'X\x00XaX\xffX', b'\x00a\xff', b'X\x00a\xff', b'X\x00Xa\xff', b'X\x00XaX\xffX', b'X\x00XaX\xffX']
b'\x00a\xff' b'' b'' [b'\x00a\xff', b'\x00a\xff', b'\x00a\xff', b'\x00a\xff', b'\x00a\xff', b'\x00a\xff', b'\x00a\xff', b'\x00a\xff']
b'\x00a\xff' b'' b'yy' [b'yy\x00yyayy\xffyy', b'yy\x00yyayy\xffyy', b'yy\x00yyayy\xffyy', b'\x00a\xff', b'yy\x00a\xff', b'yy\x00yya\xff', b'yy\x00yyayy\xffyy', b'yy\x00yyayy\xffyy']
b'\x00a\xff' b'ab' b'X' [b'\x00a\xff', b'\x00a\xff', b'\x00a\xff', b'\x00a\xff', b'\x00a\xff', b'\x00a\xff', b'\x00a\xff', b'\x00a\xff']
b'\x00a\xff' b'ab' b'' [b'\x00a\xff', b'\x00a\xff', b'\x00a\xff', b'\x00a\xff', b'\x00a\xff', b'\x00a\xff', b'\x00a\xff', b'\x00a\xff']
b'\x00a\xff' b'ab' b'yy' [b'\x00a\xff', b'\x00a\xff', b'\x00a\xff', b'\x00a\xff', b'\x00a\xff', b'\x00a\xff', b'\x00a\xff', b'\x00a\xff']
b'\x00a\xff' b'\xc3\xa9' b'X' [b'\x00a\xff', b'\x00a\xff', b'\x00a\xff', b'\x00a\xff', b'\x00a\xff', b'\x00a\xff', b'\x00a\xff', b'\x00a\xff']
b'\x00a\xff' b'\xc3\xa9' b'' [b'\x00a\xff', b'\x00a\xff', b'\x00a\xff', b'\x00a\xff', b'\x00a\xff', b'\x00a\xff', b'\x00a\xff', b'\x00a\xff']
b'\x00a\xff' b'\xc3\xa9' b'yy' [b'\x00a\xff', b'\x00a\xff', b'\x00a\xff', b'\x00a\xff', b'\x00a\xff', b'\x00a\xff', b'\x00a\xff', b'\x00a\xff']
--- bytes.strip / lstrip / rstrip([chars])
b'abcabc' [b'abcabc', b'abcabc', b'abcabc', b'bcabc', b'bcabc', b'abcabc', b'cabc', b'cabc', b'abcabc', b'abcabc', b'abcabc', b'abcabc', b'abcabc', b'abcabc', b'abcabc', b'abcabc', b'abcabc', b'abcabc']
b'abc' [b'abc', b'abc', b'abc', b'bc', b'bc', b'abc', b'c', b'c', b'abc', b'abc', b'abc', b'abc', b'abc', b'abc', b'abc', b'abc', b'abc', b'abc']
b'' [b'', b'', b'', b'', b'', b'', b'', b'', b'', b'', b'', b'', b'', b'', b'', b'', b'', b'']
b'\xc3\xa9x\xc3\xa9' [b'\xc3\xa9x\xc3\xa9', b'\xc3\xa9x\xc3\xa9', b'\xc3\xa9x\xc3\xa9', b'\xc3\xa9x\xc3\xa9', b'\xc3\xa9x\xc3\xa9', b'\xc3\xa9x\xc3\xa9', b'\xc3\xa9x\xc3\xa9', b'\xc3\xa9x\xc3\xa9', b'\xc3\xa9x\xc3\xa9', b'\xc3\xa9x\xc3\xa9', b'\xc3\xa9x\xc3\xa9', b'\xc3\xa9x\xc3\xa9', b'\xc3\xa9x\xc3\xa9', b'\xc3\xa9x\xc3\xa9', b'\xc3\xa9x\xc3\xa9', b'\xc3\xa9x\xc3\xa9', b'\xc3\xa9x\xc3\xa9', b'\xc3\xa9x\xc3\xa9']
b'\x00a\xff' [b'\x00a\xff', b'\x00a\xff', b'\x00a\xff', b'\x00a\xff', b'\x00a\xff', b'\x00a\xff', b'\x00a\xff', b'\x00a\xff', b'\x00a\xff', b'\x00a\xff', b'\x00a\xff', b'\x00a\xff', b'a', b'a\xff', b'\x00a', b'\x00a\xff', b'\x00a\xff', b'\x00a\xff']
--- scanning with a moving start
0 4 b'a: 1'
6 10 b'b: 2'
12 16 b'c: 3'
18 18 b''
